Top level design units:
    inv

Build succeeded: 0 errors, 0 warnings
                     DESIGN SUMMARY REPORT
  module     : inv
  design file: pitanga.v
  pinout file: pitanga.pinout

Total number of wires: 3
Total number of cells: 2
Total number of ports: 5

  Cell      Instances   Cell      Instances   Cell      Instances
 -----------------------------------------------------------------
  AND2              0 | NAND2             0 | XOR2              0 
  AND3              0 | NAND3             0 | XOR3              0
  AND4              0 | NAND4             0 | XOR4              0
  OR2               0 | NOR2              0 | XNOR2             0
  OR3               0 | NOR3              0 | XNOR3             0
  OR4               0 | NOR4              0 | XNOR4             0
 -----------------------------------------------------------------
  BUF               1 | INV               1 | DFFRSE            0

Cells utilization: 2
Transistor count : 6/10000 transistors (0.06 %)
